[sábado, 8. ago. 2026 15:09:27 WEST | ID 1109650705091919982] potatercater: say dick
[sábado, 8. ago. 2026 17:35:12 WEST | ID 1265706961819664584] andreis689: say dick
[sábado, 8. ago. 2026 17:35:17 WEST | ID 1265706961819664584] andreis689: say dick
[sábado, 8. ago. 2026 17:35:21 WEST | ID 1137034162352701460] brick_gab64: say no
[sábado, 8. ago. 2026 17:35:25 WEST | ID 1137034162352701460] brick_gab64: say andrion
[sábado, 8. ago. 2026 17:35:26 WEST | ID 1265706961819664584] andreis689: lets not say no
[sábado, 8. ago. 2026 17:35:31 WEST | ID 1265706961819664584] andreis689: say  dick
[sábado, 8. ago. 2026 17:35:32 WEST | ID 1137034162352701460] brick_gab64: say penis
[sábado, 8. ago. 2026 17:35:37 WEST | ID 1137034162352701460] brick_gab64: say penis
[sábado, 8. ago. 2026 17:35:39 WEST | ID 1137034162352701460] brick_gab64: say penis
[sábado, 8. ago. 2026 17:35:40 WEST | ID 1137034162352701460] brick_gab64: say penis
[sábado, 8. ago. 2026 17:35:44 WEST | ID 1265706961819664584] andreis689: say lets not say no
[sábado, 8. ago. 2026 17:35:47 WEST | ID 1137034162352701460] brick_gab64: say pee
[sábado, 8. ago. 2026 17:35:53 WEST | ID 1265706961819664584] andreis689: say my words man
[sábado, 8. ago. 2026 17:35:54 WEST | ID 1137034162352701460] brick_gab64: say lets not no say no
[sábado, 8. ago. 2026 17:36:07 WEST | ID 1137034162352701460] brick_gab64: say say
[sábado, 8. ago. 2026 17:36:29 WEST | ID 1265706961819664584] andreis689: say dick
[sábado, 8. ago. 2026 17:36:31 WEST | ID 1265706961819664584] andreis689: say dick
[sábado, 8. ago. 2026 17:36:37 WEST | ID 1137034162352701460] brick_gab64: say also uh you could control the game as well
[sábado, 8. ago. 2026 17:36:45 WEST | ID 1265706961819664584] andreis689: say (controls the game)
[sábado, 8. ago. 2026 17:37:11 WEST | ID 1137034162352701460] brick_gab64: give coralinelear69 bedrock
[sábado, 8. ago. 2026 17:37:25 WEST | ID 1137034162352701460] brick_gab64: say check ur inv rq
[sábado, 8. ago. 2026 17:37:57 WEST | ID 1137034162352701460] brick_gab64: say you have bedrock
[sábado, 8. ago. 2026 17:38:18 WEST | ID 1137034162352701460] brick_gab64: say say wallahi bro say wallahi
[sábado, 8. ago. 2026 17:38:42 WEST | ID 1137034162352701460] brick_gab64: say also littral bedrock just check inv
[sábado, 8. ago. 2026 17:40:21 WEST | ID 1265706961819664584] andreis689: say wallahi bro say wallahi
[sábado, 8. ago. 2026 17:40:30 WEST | ID 1137034162352701460] brick_gab64: say say you swear to god
[sábado, 8. ago. 2026 17:40:44 WEST | ID 1265706961819664584] andreis689: say say say say say wallahi bro say wallahi
[sábado, 8. ago. 2026 17:40:50 WEST | ID 1137034162352701460] brick_gab64: say wall hahyiga
[sábado, 8. ago. 2026 17:41:05 WEST | ID 1137034162352701460] brick_gab64: say 🤯
[sábado, 8. ago. 2026 17:41:20 WEST | ID 1137034162352701460] brick_gab64: say <:trollface:1446107329484292196>
[sábado, 8. ago. 2026 17:41:30 WEST | ID 1265706961819664584] andreis689: say 🤯
[sábado, 8. ago. 2026 17:41:41 WEST | ID 1137034162352701460] brick_gab64: say 🫩
[sábado, 8. ago. 2026 17:42:04 WEST | ID 1137034162352701460] brick_gab64: say creepuh aww man
[sábado, 8. ago. 2026 17:45:17 WEST | ID 1265706961819664584] andreis689: give coralinelear69 red_stained_glass_pane 128
[sábado, 8. ago. 2026 17:45:49 WEST | ID 1265706961819664584] andreis689: give coralinelear69 red_stained_glass_pane 128
[sábado, 8. ago. 2026 17:45:52 WEST | ID 1265706961819664584] andreis689: MORE
[sábado, 8. ago. 2026 17:45:57 WEST | ID 1265706961819664584] andreis689: SAY MORE
[sábado, 8. ago. 2026 17:46:03 WEST | ID 1265706961819664584] andreis689: say MORE
[sábado, 8. ago. 2026 17:46:09 WEST | ID 1265706961819664584] andreis689: say goddamn i hate case sensitive shit
[sábado, 8. ago. 2026 17:46:10 WEST | ID 1137034162352701460] brick_gab64: say no
[sábado, 8. ago. 2026 17:46:22 WEST | ID 1137034162352701460] brick_gab64: give coralinelear69 red_stained_glass_pane 128
[sábado, 8. ago. 2026 17:46:22 WEST | ID 1137034162352701460] brick_gab64: give coralinelear69 red_stained_glass_pane 128
[sábado, 8. ago. 2026 17:46:23 WEST | ID 1137034162352701460] brick_gab64: give coralinelear69 red_stained_glass_pane 128
[sábado, 8. ago. 2026 17:46:23 WEST | ID 1137034162352701460] brick_gab64: give coralinelear69 red_stained_glass_pane 128
[sábado, 8. ago. 2026 17:46:30 WEST | ID 1137034162352701460] brick_gab64: give coralinelear69 red_stained_glass_pane 128
[sábado, 8. ago. 2026 17:46:30 WEST | ID 1265706961819664584] andreis689: say HOT DAMN
[sábado, 8. ago. 2026 17:46:41 WEST | ID 1265706961819664584] andreis689: no
[sábado, 8. ago. 2026 17:46:48 WEST | ID 1265706961819664584] andreis689: do :SOB: with small letters
[sábado, 8. ago. 2026 17:46:48 WEST | ID 1137034162352701460] brick_gab64: kill @e[type=item]
[sábado, 8. ago. 2026 17:46:52 WEST | ID 1265706961819664584] andreis689: fuk
[sábado, 8. ago. 2026 17:46:55 WEST | ID 1265706961819664584] andreis689: say do :SOB: with small letters
[sábado, 8. ago. 2026 17:47:11 WEST | ID 1265706961819664584] andreis689: okay doesnt show up in a code block
[sábado, 8. ago. 2026 17:47:18 WEST | ID 1265706961819664584] andreis689: or wait no
[sábado, 8. ago. 2026 17:47:18 WEST | ID 1137034162352701460] brick_gab64: say ??
[sábado, 8. ago. 2026 17:47:28 WEST | ID 1265706961819664584] andreis689: ??
[sábado, 8. ago. 2026 17:47:33 WEST | ID 1137034162352701460] brick_gab64: say the fuck ur talikingagasgags about
[sábado, 8. ago. 2026 17:48:01 WEST | ID 1137034162352701460] brick_gab64: give coralinelear69 melon
[sábado, 8. ago. 2026 17:48:27 WEST | ID 1137034162352701460] brick_gab64: kill @e[type=item]
[sábado, 8. ago. 2026 17:48:48 WEST | ID 1137034162352701460] brick_gab64: say idk uh
[sábado, 8. ago. 2026 17:49:52 WEST | ID 1137034162352701460] brick_gab64: say you have too many melons
