[sexta, 17. jul. 2026 09:21:40 WEST | ID 1127985118364057742] matola200: say I JUST DID //SET LANTERN
[sexta, 17. jul. 2026 11:04:49 WEST | ID 1127985118364057742] matola200: say dih
[sexta, 17. jul. 2026 11:04:57 WEST | ID 1127985118364057742] matola200: say i will crash the server
[sexta, 17. jul. 2026 11:05:20 WEST | ID 1127985118364057742] matola200: give GAB644 minecraft:music_disc_lava_chicken 100
[sexta, 17. jul. 2026 11:05:20 WEST | ID 1127985118364057742] matola200: tgive GAB644 minecraft:music_disc_lava_chicken 100
[sexta, 17. jul. 2026 11:05:21 WEST | ID 1127985118364057742] matola200: give GAB644 minecraft:music_disc_lava_chicken 100
[sexta, 17. jul. 2026 11:05:21 WEST | ID 1127985118364057742] matola200: give GAB644 minecraft:music_disc_lava_chicken 100
[sexta, 17. jul. 2026 11:05:22 WEST | ID 1127985118364057742] matola200: give GAB644 minecraft:music_disc_lava_chicken 100
[sexta, 17. jul. 2026 11:05:22 WEST | ID 1127985118364057742] matola200: give GAB644 minecraft:music_disc_lava_chicken 100
[sexta, 17. jul. 2026 11:05:23 WEST | ID 1127985118364057742] matola200: give GAB644 minecraft:music_disc_lava_chicken 100
[sexta, 17. jul. 2026 11:05:23 WEST | ID 1127985118364057742] matola200: give GAB644 minecraft:music_disc_lava_chicken 100
[sexta, 17. jul. 2026 11:05:24 WEST | ID 1127985118364057742] matola200: give GAB644 minecraft:music_disc_lava_chicken 100
[sexta, 17. jul. 2026 11:05:24 WEST | ID 1127985118364057742] matola200: give GAB644 minecraft:music_disc_lava_chicken 100
[sexta, 17. jul. 2026 11:05:25 WEST | ID 1127985118364057742] matola200: give GAB644 minecraft:music_disc_lava_chicken 100
[sexta, 17. jul. 2026 11:05:25 WEST | ID 1127985118364057742] matola200: give GAB644 minecraft:music_disc_lava_chicken 100
[sexta, 17. jul. 2026 11:05:26 WEST | ID 1127985118364057742] matola200: give GAB644 minecraft:music_disc_lava_chicken 100
[sexta, 17. jul. 2026 11:05:26 WEST | ID 1127985118364057742] matola200: give GAB644 minecraft:music_disc_lava_chicken 100give GAB644 minecraft:music_disc_lava_chicken 100give GAB644 minecraft:music_disc_lava_chicken 100
[sexta, 17. jul. 2026 11:05:27 WEST | ID 1127985118364057742] matola200: give GAB644 minecraft:music_disc_lava_chicken 100
[sexta, 17. jul. 2026 11:05:27 WEST | ID 1127985118364057742] matola200: give GAB644 minecraft:music_disc_lava_chicken 100
[sexta, 17. jul. 2026 11:05:27 WEST | ID 1127985118364057742] matola200: give GAB644 minecraft:music_disc_lava_chicken 100
[sexta, 17. jul. 2026 11:05:28 WEST | ID 1127985118364057742] matola200: give GAB644 minecraft:music_disc_lava_chicken 100
[sexta, 17. jul. 2026 11:05:28 WEST | ID 1127985118364057742] matola200: give GAB644 minecraft:music_disc_lava_chicken 100give GAB644 minecraft:music_disc_lava_chicken 100
[sexta, 17. jul. 2026 11:05:29 WEST | ID 1127985118364057742] matola200: give GAB644 minecraft:music_disc_lava_chicken 100
[sexta, 17. jul. 2026 11:05:29 WEST | ID 1127985118364057742] matola200: give GAB644 minecraft:music_disc_lava_chicken 100
[sexta, 17. jul. 2026 11:05:29 WEST | ID 1127985118364057742] matola200: give GAB644 minecraft:music_disc_lava_chicken 100
[sexta, 17. jul. 2026 11:05:30 WEST | ID 1127985118364057742] matola200: give GAB644 minecraft:music_disc_lava_chicken 100
[sexta, 17. jul. 2026 11:05:30 WEST | ID 1127985118364057742] matola200: give GAB644 minecraft:music_disc_lava_chicken 100
[sexta, 17. jul. 2026 11:05:30 WEST | ID 1127985118364057742] matola200: give GAB644 minecraft:music_disc_lava_chicken 100
[sexta, 17. jul. 2026 11:05:31 WEST | ID 1127985118364057742] matola200: give GAB644 minecraft:music_disc_lava_chicken 100
[sexta, 17. jul. 2026 11:05:31 WEST | ID 1127985118364057742] matola200: give GAB644 minecraft:music_disc_lava_chicken 100
[sexta, 17. jul. 2026 11:05:31 WEST | ID 1127985118364057742] matola200: give GAB644 minecraft:music_disc_lava_chicken 100
[sexta, 17. jul. 2026 11:05:32 WEST | ID 1127985118364057742] matola200: give GAB644 minecraft:music_disc_lava_chicken 100
[sexta, 17. jul. 2026 11:05:32 WEST | ID 1127985118364057742] matola200: give GAB644 minecraft:music_disc_lava_chicken 100
[sexta, 17. jul. 2026 11:05:33 WEST | ID 1127985118364057742] matola200: give GAB644 minecraft:music_disc_lava_chicken 100
[sexta, 17. jul. 2026 11:05:33 WEST | ID 1127985118364057742] matola200: give GAB644 minecraft:music_disc_lava_chicken 100
[sexta, 17. jul. 2026 11:05:33 WEST | ID 1127985118364057742] matola200: give GAB644 minecraft:music_disc_lava_chicken 100
[sexta, 17. jul. 2026 11:05:34 WEST | ID 1127985118364057742] matola200: give GAB644 minecraft:music_disc_lava_chicken 100
[sexta, 17. jul. 2026 11:05:34 WEST | ID 1127985118364057742] matola200: give GAB644 minecraft:music_disc_lava_chicken 100
[sexta, 17. jul. 2026 11:05:34 WEST | ID 1127985118364057742] matola200: give GAB644 minecraft:music_disc_lava_chicken 100
[sexta, 17. jul. 2026 11:05:35 WEST | ID 1127985118364057742] matola200: give GAB644 minecraft:music_disc_lava_chicken 100
[sexta, 17. jul. 2026 11:05:38 WEST | ID 1127985118364057742] matola200: give GAB644 minecraft:music_disc_lava_chicken 100
[sexta, 17. jul. 2026 11:05:38 WEST | ID 1127985118364057742] matola200: give GAB644 minecraft:music_disc_lava_chicken 100
[sexta, 17. jul. 2026 11:05:42 WEST | ID 1127985118364057742] matola200: give GAB644 minecraft:music_disc_lava_chicken 100
[sexta, 17. jul. 2026 11:05:42 WEST | ID 1127985118364057742] matola200: v
[sexta, 17. jul. 2026 11:05:45 WEST | ID 1127985118364057742] matola200: give GAB644 minecraft:music_disc_lava_chicken 100
[sexta, 17. jul. 2026 11:05:47 WEST | ID 1127985118364057742] matola200: give GAB644 minecraft:music_disc_lava_chicken 100
[sexta, 17. jul. 2026 11:05:48 WEST | ID 1127985118364057742] matola200: give GAB644 minecraft:music_disc_lava_chicken 100give GAB644 minecraft:music_disc_lava_chicken 100
[sexta, 17. jul. 2026 11:05:51 WEST | ID 1127985118364057742] matola200: give GAB644 minecraft:music_disc_lava_chicken 100
[sexta, 17. jul. 2026 11:05:54 WEST | ID 1127985118364057742] matola200: give GAB644 minecraft:music_disc_lava_chicken 100give GAB644 minecraft:music_disc_lava_chicken 100give GAB644 minecraft:music_disc_lava_chicken 100
[sexta, 17. jul. 2026 11:05:54 WEST | ID 1127985118364057742] matola200: give GAB644 minecraft:music_disc_lava_chicken 100
[sexta, 17. jul. 2026 11:05:57 WEST | ID 1127985118364057742] matola200: give GAB644 minecraft:music_disc_lava_chicken 100
[sexta, 17. jul. 2026 11:05:59 WEST | ID 1127985118364057742] matola200: give GAB644 minecraft:music_disc_lava_chicken 100
[sexta, 17. jul. 2026 11:17:15 WEST | ID 1137034162352701460] brick_gab64: stop
[sexta, 17. jul. 2026 11:26:57 WEST | ID 1127985118364057742] matola200: say dih
[sexta, 17. jul. 2026 11:27:08 WEST | ID 1127985118364057742] matola200: say its cool how you can use commands from the chanel
[sexta, 17. jul. 2026 11:27:14 WEST | ID 1127985118364057742] matola200: say i honestly didnt know that you could do that
[sexta, 17. jul. 2026 11:27:23 WEST | ID 1127985118364057742] matola200: say i thought it was just logs
[sexta, 17. jul. 2026 13:50:56 WEST | ID 1127985118364057742] matola200: stop
[sexta, 17. jul. 2026 16:26:50 WEST | ID 1127985118364057742] matola200: say gay
[sexta, 17. jul. 2026 16:27:10 WEST | ID 1127985118364057742] matola200: say i am matola200 and you can for some reason use console commands in the <#1527290057826762812>  channel
[sexta, 17. jul. 2026 16:27:16 WEST | ID 1127985118364057742] matola200: fuck
[sexta, 17. jul. 2026 16:27:32 WEST | ID 1127985118364057742] matola200: /say fuck i mean the #smp-console channel
[sexta, 17. jul. 2026 16:27:49 WEST | ID 1127985118364057742] matola200: sayt dih
[sexta, 17. jul. 2026 16:27:50 WEST | ID 1127985118364057742] matola200: say dih
[sexta, 17. jul. 2026 16:28:01 WEST | ID 1127985118364057742] matola200: say eyah
[sexta, 17. jul. 2026 16:28:02 WEST | ID 1127985118364057742] matola200: say yeah
[sexta, 17. jul. 2026 16:28:06 WEST | ID 1127985118364057742] matola200: say you are tripping balls
[sexta, 17. jul. 2026 17:12:21 WEST | ID 1127985118364057742] matola200: gamemode creative gab644
[sexta, 17. jul. 2026 17:13:10 WEST | ID 1127985118364057742] matola200: gamemode creative gab644
[sexta, 17. jul. 2026 17:41:33 WEST | ID 1127985118364057742] matola200: +
