[quinta, 16. jul. 2026 16:24:50 WEST | ID 1127985118364057742] matola200: dih toucher
[quinta, 16. jul. 2026 21:58:22 WEST | ID 1127985118364057742] matola200: /gamemode creative
[quinta, 16. jul. 2026 21:58:28 WEST | ID 1127985118364057742] matola200: say dih
[quinta, 16. jul. 2026 21:58:32 WEST | ID 1127985118364057742] matola200: YO
[quinta, 16. jul. 2026 21:58:40 WEST | ID 1127985118364057742] matola200: say YO YOU CAN RUN COMMANDS FROM THE C HANNEL
[quinta, 16. jul. 2026 21:58:42 WEST | ID 1127985118364057742] matola200: say HOLY SHIT
[quinta, 16. jul. 2026 21:58:59 WEST | ID 1127985118364057742] matola200: say dih
[quinta, 16. jul. 2026 21:59:15 WEST | ID 1137034162352701460] brick_gab64: say penis
[quinta, 16. jul. 2026 21:59:23 WEST | ID 1137034162352701460] brick_gab64: say wait oh no can you shut down
[quinta, 16. jul. 2026 21:59:26 WEST | ID 1137034162352701460] brick_gab64: stop
[quinta, 16. jul. 2026 22:01:31 WEST | ID 1127985118364057742] matola200: say augh
[quinta, 16. jul. 2026 22:01:37 WEST | ID 1127985118364057742] matola200: say im cumming everywhere
[quinta, 16. jul. 2026 22:01:56 WEST | ID 1127985118364057742] matola200: give
[quinta, 16. jul. 2026 22:02:09 WEST | ID 1127985118364057742] matola200: gamemode creative tatercater14
[quinta, 16. jul. 2026 22:02:18 WEST | ID 1127985118364057742] matola200: gamemode survival tatercater14
[quinta, 16. jul. 2026 22:03:30 WEST | ID 1127985118364057742] matola200: give tatercater 14minecraft:music_disc_lava_chicken 4000+
[quinta, 16. jul. 2026 22:03:41 WEST | ID 1127985118364057742] matola200: give tatercater14 minecraft:music_disc_lava_chicken 4000
[quinta, 16. jul. 2026 22:03:49 WEST | ID 1127985118364057742] matola200: give tatercater14 minecraft:music_disc_lava_chicken 100
[quinta, 16. jul. 2026 22:03:53 WEST | ID 1127985118364057742] matola200: give tatercater14 minecraft:music_disc_lava_chicken 100
[quinta, 16. jul. 2026 22:03:54 WEST | ID 1127985118364057742] matola200: give tatercater14 minecraft:music_disc_lava_chicken 100
[quinta, 16. jul. 2026 22:03:54 WEST | ID 1127985118364057742] matola200: give tatercater14 minecraft:music_disc_lava_chicken 100
[quinta, 16. jul. 2026 22:03:55 WEST | ID 1127985118364057742] matola200: give tatercater14 minecraft:music_disc_lava_chicken 100
[quinta, 16. jul. 2026 22:03:57 WEST | ID 1127985118364057742] matola200: give tatercater14 minecraft:music_disc_lava_chicken 100
[quinta, 16. jul. 2026 22:03:58 WEST | ID 1127985118364057742] matola200: give tatercater14 minecraft:music_disc_lava_chicken 100
[quinta, 16. jul. 2026 22:03:58 WEST | ID 1127985118364057742] matola200: give tatercater14 minecraft:music_disc_lava_chicken 100
[quinta, 16. jul. 2026 22:03:58 WEST | ID 1127985118364057742] matola200: give tatercater14 minecraft:music_disc_lava_chicken 100
[quinta, 16. jul. 2026 22:03:59 WEST | ID 1127985118364057742] matola200: give tatercater14 minecraft:music_disc_lava_chicken 100
[quinta, 16. jul. 2026 22:03:59 WEST | ID 1127985118364057742] matola200: give tatercater14 minecraft:music_disc_lava_chicken 100
[quinta, 16. jul. 2026 22:04:00 WEST | ID 1127985118364057742] matola200: give tatercater14 minecraft:music_disc_lava_chicken 100give tatercater14 minecraft:music_disc_lava_chicken 100give tatercater14 minecraft:music_disc_lava_chicken 100
[quinta, 16. jul. 2026 22:04:02 WEST | ID 1127985118364057742] matola200: give tatercater14 minecraft:music_disc_lava_chicken 100
[quinta, 16. jul. 2026 22:04:05 WEST | ID 1127985118364057742] matola200: give tatercater14 minecraft:music_disc_lava_chicken 100
[quinta, 16. jul. 2026 22:04:07 WEST | ID 1127985118364057742] matola200: give tatercater14 minecraft:music_disc_lava_chicken 100
[quinta, 16. jul. 2026 22:04:08 WEST | ID 1127985118364057742] matola200: give tatercater14 minecraft:music_disc_lava_chicken 100
[quinta, 16. jul. 2026 22:04:10 WEST | ID 1127985118364057742] matola200: give tatercater14 minecraft:music_disc_lava_chicken 100
[quinta, 16. jul. 2026 22:04:11 WEST | ID 1127985118364057742] matola200: v
[quinta, 16. jul. 2026 22:04:11 WEST | ID 1127985118364057742] matola200: give tatercater14 minecraft:music_disc_lava_chicken 100
[quinta, 16. jul. 2026 22:04:12 WEST | ID 1127985118364057742] matola200: give tatercater14 minecraft:music_disc_lava_chicken 100
[quinta, 16. jul. 2026 22:04:12 WEST | ID 1127985118364057742] matola200: give tatercater14 minecraft:music_disc_lava_chicken 100
[quinta, 16. jul. 2026 22:04:13 WEST | ID 1127985118364057742] matola200: give tatercater14 minecraft:music_disc_lava_chicken 100
[quinta, 16. jul. 2026 22:04:14 WEST | ID 1127985118364057742] matola200: give tatercater14 minecraft:music_disc_lava_chicken 100
[quinta, 16. jul. 2026 22:04:14 WEST | ID 1127985118364057742] matola200: give tatercater14 minecraft:music_disc_lava_chicken 100
[quinta, 16. jul. 2026 22:04:15 WEST | ID 1127985118364057742] matola200: give tatercater14 minecraft:music_disc_lava_chicken 100
[quinta, 16. jul. 2026 22:04:16 WEST | ID 1127985118364057742] matola200: give tatercater14 minecraft:music_disc_lava_chicken 100
[quinta, 16. jul. 2026 22:04:17 WEST | ID 1127985118364057742] matola200: give tatercater14 minecraft:music_disc_lava_chicken 100
[quinta, 16. jul. 2026 22:04:17 WEST | ID 1127985118364057742] matola200: give tatercater14 minecraft:music_disc_lava_chicken 100give tatercater14 minecraft:music_disc_lava_chicken 100give tatercater14 minecraft:music_disc_lava_chicken 100
[quinta, 16. jul. 2026 22:04:18 WEST | ID 1127985118364057742] matola200: give tatercater14 minecraft:music_disc_lava_chicken 100
[quinta, 16. jul. 2026 22:04:19 WEST | ID 1127985118364057742] matola200: give tatercater14 minecraft:music_disc_lava_chicken 100
[quinta, 16. jul. 2026 22:04:19 WEST | ID 1127985118364057742] matola200: give tatercater14 minecraft:music_disc_lava_chicken 100
[quinta, 16. jul. 2026 22:04:19 WEST | ID 1127985118364057742] matola200: give tatercater14 minecraft:music_disc_lava_chicken 100
[quinta, 16. jul. 2026 22:04:21 WEST | ID 1127985118364057742] matola200: give tatercater14 minecraft:music_disc_lava_chicken 100
[quinta, 16. jul. 2026 22:04:22 WEST | ID 1127985118364057742] matola200: give tatercater14 minecraft:music_disc_lava_chicken 100
[quinta, 16. jul. 2026 22:04:22 WEST | ID 1127985118364057742] matola200: give tatercater14 minecraft:music_disc_lava_chicken 100
[quinta, 16. jul. 2026 22:04:23 WEST | ID 1127985118364057742] matola200: give tatercater14 minecraft:music_disc_lava_chicken 100
[quinta, 16. jul. 2026 22:04:23 WEST | ID 1127985118364057742] matola200: give tatercater14 minecraft:music_disc_lava_chicken 100
[quinta, 16. jul. 2026 22:04:24 WEST | ID 1127985118364057742] matola200: give tatercater14 minecraft:music_disc_lava_chicken 100give tatercater14 minecraft:music_disc_lava_chicken 100
[quinta, 16. jul. 2026 22:04:24 WEST | ID 1127985118364057742] matola200: give tatercater14 minecraft:music_disc_lava_chicken 100
[quinta, 16. jul. 2026 22:04:24 WEST | ID 1127985118364057742] matola200: give tatercater14 minecraft:music_disc_lava_chicken 100
[quinta, 16. jul. 2026 22:04:25 WEST | ID 1127985118364057742] matola200: give tatercater14 minecraft:music_disc_lava_chicken 100
[quinta, 16. jul. 2026 22:04:25 WEST | ID 1127985118364057742] matola200: give tatercater14 minecraft:music_disc_lava_chicken 100
[quinta, 16. jul. 2026 22:04:26 WEST | ID 1127985118364057742] matola200: give tatercater14 minecraft:music_disc_lava_chicken 100
[quinta, 16. jul. 2026 22:04:26 WEST | ID 1127985118364057742] matola200: give tatercater14 minecraft:music_disc_lava_chicken 100
[quinta, 16. jul. 2026 22:07:41 WEST | ID 1127985118364057742] matola200: give tatercater14 minecraft:music_disc_lava_chicken 100
[quinta, 16. jul. 2026 22:08:40 WEST | ID 1127985118364057742] matola200: give tatercater14 minecraft:music_disc_lava_chicken 100
[quinta, 16. jul. 2026 22:08:42 WEST | ID 1127985118364057742] matola200: give tatercater14 minecraft:music_disc_lava_chicken 100
[quinta, 16. jul. 2026 22:08:58 WEST | ID 1127985118364057742] matola200: give tatercater14 minecraft:music_disc_lava_chicken 100
[quinta, 16. jul. 2026 22:09:02 WEST | ID 1137034162352701460] brick_gab64: STOP
[quinta, 16. jul. 2026 22:09:08 WEST | ID 1137034162352701460] brick_gab64: oops
[quinta, 16. jul. 2026 22:09:12 WEST | ID 1127985118364057742] matola200: Aw ok
[quinta, 16. jul. 2026 22:15:14 WEST | ID 1127985118364057742] matola200: say "there wont be anyone" bro there is basically no one when i work the shift
[quinta, 16. jul. 2026 22:15:44 WEST | ID 1127985118364057742] matola200: say fone
[quinta, 16. jul. 2026 22:16:18 WEST | ID 1127985118364057742] matola200: say i can still Access the console from phone
[quinta, 16. jul. 2026 22:16:34 WEST | ID 1127985118364057742] matola200: say hmmm
[quinta, 16. jul. 2026 22:16:57 WEST | ID 1127985118364057742] matola200: Say what time is it ingame rn
[quinta, 16. jul. 2026 22:17:09 WEST | ID 1127985118364057742] matola200: say what time is it ingame rn
[quinta, 16. jul. 2026 22:17:28 WEST | ID 1127985118364057742] matola200: say oh yeah
[quinta, 16. jul. 2026 22:32:47 WEST | ID 1127985118364057742] matola200: say Im gonna do it
[quinta, 16. jul. 2026 22:32:56 WEST | ID 1127985118364057742] matola200: say Im gonna say stop
[quinta, 16. jul. 2026 22:33:10 WEST | ID 1127985118364057742] matola200: say stop
[quinta, 16. jul. 2026 22:33:21 WEST | ID 1127985118364057742] matola200: say haha got you
[quinta, 16. jul. 2026 22:34:05 WEST | ID 1127985118364057742] matola200: say ok noe fr
[quinta, 16. jul. 2026 22:34:12 WEST | ID 1127985118364057742] matola200: say ill say stop
[quinta, 16. jul. 2026 22:34:18 WEST | ID 1127985118364057742] matola200: say stop
[quinta, 16. jul. 2026 22:34:24 WEST | ID 1127985118364057742] matola200: say haha got u
[quinta, 16. jul. 2026 22:34:42 WEST | ID 1127985118364057742] matola200: add a supermercado
[quinta, 16. jul. 2026 22:35:10 WEST | ID 1127985118364057742] matola200: say add a supermercado
[quinta, 16. jul. 2026 22:35:55 WEST | ID 1127985118364057742] matola200: say hi de novembro a supermercado e o meu filho que te ama muito mais do que tu e a fire in a fire e a fire e a supermercado já está em condições e não ⛔⛔🚫 e não ⛔🚫🚫⛔⛔⛔⛔🚫⛔⛔⛔🚫⛔⛔🚫🚫 e a foldy do it e o teu nome 📛📛📛📛📛📛📛📛📛 de outubro a foldy e não 🚫🚫⛔🚫⛔ a supermercado está em condições para fazer um jantar
[quinta, 16. jul. 2026 22:36:28 WEST | ID 1127985118364057742] matola200: say show me Ur dih and make it super veiny
[quinta, 16. jul. 2026 22:36:51 WEST | ID 1127985118364057742] matola200: kill gabzlol
[quinta, 16. jul. 2026 22:38:24 WEST | ID 1127985118364057742] matola200: tp gabzlol 26000000 65 26000000
[quinta, 16. jul. 2026 22:38:57 WEST | ID 1127985118364057742] matola200: tp gabzlol 26000000 65 26000000
[quinta, 16. jul. 2026 22:39:40 WEST | ID 1127985118364057742] matola200: say Gabriel check coords
[quinta, 16. jul. 2026 22:39:59 WEST | ID 1127985118364057742] matola200: say 26 Mill black friday
[quinta, 16. jul. 2026 22:40:14 WEST | ID 1127985118364057742] matola200: say i mean blocks
[quinta, 16. jul. 2026 22:40:24 WEST | ID 1127985118364057742] matola200: say 26 Mill block
[quinta, 16. jul. 2026 22:40:50 WEST | ID 1127985118364057742] matola200: back
[quinta, 16. jul. 2026 22:41:02 WEST | ID 1127985118364057742] matola200: back gabzlol
[quinta, 16. jul. 2026 22:41:10 WEST | ID 1127985118364057742] matola200: say idk
[quinta, 16. jul. 2026 22:41:16 WEST | ID 1127985118364057742] matola200: say can you
[quinta, 16. jul. 2026 22:41:42 WEST | ID 1127985118364057742] matola200: say para a supermercado e não 🚫👎👎🚫👎⛔🚫🚫🚫❌❌👎🚫 uma das pessoas 👥👤👥👥👥👤👥👥👤👤👥👥👤👥👥👤 a foldy de outubro
[quinta, 16. jul. 2026 22:42:18 WEST | ID 1127985118364057742] matola200: give @a netherite 500
[quinta, 16. jul. 2026 22:42:46 WEST | ID 1127985118364057742] matola200: give @a netherite 2
[quinta, 16. jul. 2026 22:43:14 WEST | ID 1127985118364057742] matola200: give @a netherite_ingot 500
[quinta, 16. jul. 2026 22:43:25 WEST | ID 1127985118364057742] matola200: give @a netherite_ingot 500
[quinta, 16. jul. 2026 22:43:33 WEST | ID 1127985118364057742] matola200: give @a netherite_ingot 500
[quinta, 16. jul. 2026 22:43:54 WEST | ID 1137034162352701460] brick_gab64: i will kill you if you dont stop
[quinta, 16. jul. 2026 22:43:57 WEST | ID 1127985118364057742] matola200: clear
[quinta, 16. jul. 2026 22:44:05 WEST | ID 1137034162352701460] brick_gab64: fuck
[quinta, 16. jul. 2026 22:44:18 WEST | ID 1127985118364057742] matola200: 
[quinta, 16. jul. 2026 22:44:38 WEST | ID 1127985118364057742] matola200: say dih touching
[quinta, 16. jul. 2026 22:45:02 WEST | ID 1127985118364057742] matola200: say
[quinta, 16. jul. 2026 22:45:33 WEST | ID 1127985118364057742] matola200: say HTTPS://www.dih.com
[quinta, 16. jul. 2026 22:45:43 WEST | ID 1137034162352701460] brick_gab64: tf
[quinta, 16. jul. 2026 22:45:55 WEST | ID 1137034162352701460] brick_gab64: say theres no images support on mc
